balasubramaniyand@CHNIOPEXL5097:~/superset$ vi docker-compose-image-tag.yml 
balasubramaniyand@CHNIOPEXL5097:~/superset$ sudo docker-compose -f docker-compose-image-tag.yml restart
Restarting superset_db              ... error
Restarting superset_app             ... done
Restarting superset_worker_beat     ... done
Restarting superset_init            ... done
Restarting superset_worker          ... done
Restarting efd815632b43_superset_db ... done
Restarting superset_cache           ... done

ERROR: for superset_db  Cannot restart container 5d55a26a142eec748781cef237459927c448974e63c3caeafd3495996b45e379: driver failed programming external connectivity on endpoint superset_db (11c44e08c42cebd72cbe0f188275c0b1f309123937b1d3f13c4a07375a48b5e4): Error starting userland proxy: listen tcp4 0.0.0.0:5432: bind: address already in use
balasubramaniyand@CHNIOPEXL5097:~/superset$ docker ps
CONTAINER ID   IMAGE                         COMMAND                  CREATED          STATUS                                 PORTS                                       NAMES
66dd8c7e60a9   iopexlabs/arlo_superset:1.2   "/app/docker/docker-…"   26 minutes ago   Up About a minute (health: starting)   0.0.0.0:8003->8088/tcp, :::8003->8088/tcp   superset_app
f9913cd27d84   iopexlabs/arlo_superset:1.2   "/app/docker/docker-…"   26 minutes ago   Restarting (1) 28 seconds ago                                                      superset_worker_beat
7790255d2218   iopexlabs/arlo_superset:1.2   "/app/docker/docker-…"   26 minutes ago   Restarting (1) 28 seconds ago                                                      superset_worker
efd815632b43   postgres:10                   "docker-entrypoint.s…"   26 minutes ago   Up About a minute                      0.0.0.0:8005->5432/tcp, :::8005->5432/tcp   efd815632b43_superset_db
fee319d8661a   redis:latest                  "docker-entrypoint.s…"   26 minutes ago   Up About a minute                      6379/tcp                                    superset_cache
balasubramaniyand@CHNIOPEXL5097:~/superset$ vi docker-compose-image-tag.yml 
balasubramaniyand@CHNIOPEXL5097:~/superset$ sudo docker-compose -f docker-compose-image-tag.yml restart
Restarting superset_db              ... error
Restarting superset_app             ... done
Restarting superset_worker_beat     ... done
Restarting superset_init            ... done
Restarting superset_worker          ... done
Restarting efd815632b43_superset_db ... done
Restarting superset_cache           ... done

ERROR: for superset_db  Cannot restart container 5d55a26a142eec748781cef237459927c448974e63c3caeafd3495996b45e379: driver failed programming external connectivity on endpoint superset_db (e01da95ed266f76cc1ab2f45456667fa1dbea5fa30f1bc01e7646bb7929a35a0): Error starting userland proxy: listen tcp4 0.0.0.0:5432: bind: address already in use
balasubramaniyand@CHNIOPEXL5097:~/superset$ cat docker-compose-image-tag.yml 
x-superset-image: &superset-image iopexlabs/arlo_superset:1.2
x-superset-depends-on: &superset-depends-on
  - db
  - redis
x-superset-volumes: &superset-volumes
  # /app/pythonpath_docker will be appended to the PYTHONPATH in the final container
  - ./docker:/app/docker
  - ./home:/app/superset_home
  - ./pythonpath:/app/pythonpath

version: "3.7"
networks:
  iopex_network:
    external: true
services:
  redis:
    image: redis:latest
    container_name: superset_cache
    restart: unless-stopped
    volumes:
      - ./redis:/data

  db:
    env_file: docker/.env-non-dev
    image: postgres:10
    container_name: superset_db
    restart: unless-stopped
    ports:
     - 8090:5432
    volumes:
      - ./data:/var/lib/postgresql/data

  superset:
    env_file: docker/.env-non-dev
    image: *superset-image
    container_name: superset_app
    command: ["/app/docker/docker-bootstrap.sh", "app-gunicorn"]
    user: "root"
    restart: unless-stopped
    ports:
     - 8088:8088
    depends_on: *superset-depends-on
    volumes: *superset-volumes
    networks:
     - iopex_network

  superset-init:
    image: *superset-image
    container_name: superset_init
    command: ["/app/docker/docker-init.sh"]
    env_file: docker/.env-non-dev
    depends_on: *superset-depends-on
    user: "root"
    volumes: *superset-volumes

  superset-worker:
    image: *superset-image
    container_name: superset_worker
    command: ["/app/docker/docker-bootstrap.sh", "worker"]
    env_file: docker/.env-non-dev
    restart: unless-stopped
    depends_on: *superset-depends-on
    user: "root"
    volumes: *superset-volumes

  superset-worker-beat:
    image: *superset-image
    container_name: superset_worker_beat
    command: ["/app/docker/docker-bootstrap.sh", "beat"]
    env_file: docker/.env-non-dev
    restart: unless-stopped
    depends_on: *superset-depends-on
    user: "root"
    volumes: *superset-volumes

volumes:
  superset_home:
    external: false
  db_home:
    external: false
  redis:
    external: false
